// Jest Snapshot v1, https://goo.gl/fbAQLP

exports[`ListItem: ListItem render:  1`] = `
ShallowWrapper {
  Symbol(enzyme.__root__): [Circular],
  Symbol(enzyme.__unrendered__): <ListItem
    isChecked={false}
    item={
      Object {
        "checked": false,
        "text": "text",
      }
    }
  />,
  Symbol(enzyme.__renderer__): Object {
    "batchedUpdates": [Function],
    "checkPropTypes": [Function],
    "getNode": [Function],
    "render": [Function],
    "simulateError": [Function],
    "simulateEvent": [Function],
    "unmount": [Function],
  },
  Symbol(enzyme.__node__): Object {
    "instance": null,
    "key": undefined,
    "nodeType": "host",
    "props": Object {
      "children": Array [
        "text",
        <input
          id="text"
          type="checkbox"
        />,
        <span
          className="checkmark"
        />,
      ],
      "className": "container ",
      "htmlFor": "text",
    },
    "ref": null,
    "rendered": Array [
      "text",
      Object {
        "instance": null,
        "key": undefined,
        "nodeType": "host",
        "props": Object {
          "id": "text",
          "type": "checkbox",
        },
        "ref": null,
        "rendered": null,
        "type": "input",
      },
      Object {
        "instance": null,
        "key": undefined,
        "nodeType": "host",
        "props": Object {
          "className": "checkmark",
        },
        "ref": null,
        "rendered": null,
        "type": "span",
      },
    ],
    "type": "label",
  },
  Symbol(enzyme.__nodes__): Array [
    Object {
      "instance": null,
      "key": undefined,
      "nodeType": "host",
      "props": Object {
        "children": Array [
          "text",
          <input
            id="text"
            type="checkbox"
          />,
          <span
            className="checkmark"
          />,
        ],
        "className": "container ",
        "htmlFor": "text",
      },
      "ref": null,
      "rendered": Array [
        "text",
        Object {
          "instance": null,
          "key": undefined,
          "nodeType": "host",
          "props": Object {
            "id": "text",
            "type": "checkbox",
          },
          "ref": null,
          "rendered": null,
          "type": "input",
        },
        Object {
          "instance": null,
          "key": undefined,
          "nodeType": "host",
          "props": Object {
            "className": "checkmark",
          },
          "ref": null,
          "rendered": null,
          "type": "span",
        },
      ],
      "type": "label",
    },
  ],
  Symbol(enzyme.__options__): Object {
    "adapter": ReactSixteenAdapter {
      "options": Object {
        "enableComponentDidUpdateOnSetState": true,
        "legacyContextMode": "parent",
        "lifecycles": Object {
          "componentDidUpdate": Object {
            "onSetState": true,
          },
          "getChildContext": Object {
            "calledByRenderer": false,
          },
          "getDerivedStateFromError": true,
          "getDerivedStateFromProps": Object {
            "hasShouldComponentUpdateBug": false,
          },
          "getSnapshotBeforeUpdate": true,
          "setState": Object {
            "skipsComponentDidUpdateOnNullish": true,
          },
        },
      },
    },
  },
}
`;
