// Jest Snapshot v1, https://goo.gl/fbAQLP

exports[`Attachments: Attachments render:  1`] = `
ShallowWrapper {
  Symbol(enzyme.__root__): [Circular],
  Symbol(enzyme.__unrendered__): <Attachments
    attachments={
      Array [
        Object {
          "type": "link",
          "url": "link1",
        },
      ]
    }
  />,
  Symbol(enzyme.__renderer__): Object {
    "batchedUpdates": [Function],
    "checkPropTypes": [Function],
    "getNode": [Function],
    "render": [Function],
    "simulateError": [Function],
    "simulateEvent": [Function],
    "unmount": [Function],
  },
  Symbol(enzyme.__node__): Object {
    "instance": null,
    "key": undefined,
    "nodeType": "host",
    "props": Object {
      "children": Array [
        null,
        Array [
          <div
            className="linkAttachment"
          >
            <img
              alt=""
              className="linkIcon"
              src="link.svg"
            />
            <span>
              link1
            </span>
          </div>,
        ],
      ],
      "className": "attachments",
    },
    "ref": null,
    "rendered": Array [
      null,
      Object {
        "instance": null,
        "key": "0",
        "nodeType": "host",
        "props": Object {
          "children": Array [
            <img
              alt=""
              className="linkIcon"
              src="link.svg"
            />,
            <span>
              link1
            </span>,
          ],
          "className": "linkAttachment",
        },
        "ref": null,
        "rendered": Array [
          Object {
            "instance": null,
            "key": undefined,
            "nodeType": "host",
            "props": Object {
              "alt": "",
              "className": "linkIcon",
              "src": "link.svg",
            },
            "ref": null,
            "rendered": null,
            "type": "img",
          },
          Object {
            "instance": null,
            "key": undefined,
            "nodeType": "host",
            "props": Object {
              "children": "link1",
            },
            "ref": null,
            "rendered": "link1",
            "type": "span",
          },
        ],
        "type": "div",
      },
    ],
    "type": "div",
  },
  Symbol(enzyme.__nodes__): Array [
    Object {
      "instance": null,
      "key": undefined,
      "nodeType": "host",
      "props": Object {
        "children": Array [
          null,
          Array [
            <div
              className="linkAttachment"
            >
              <img
                alt=""
                className="linkIcon"
                src="link.svg"
              />
              <span>
                link1
              </span>
            </div>,
          ],
        ],
        "className": "attachments",
      },
      "ref": null,
      "rendered": Array [
        null,
        Object {
          "instance": null,
          "key": "0",
          "nodeType": "host",
          "props": Object {
            "children": Array [
              <img
                alt=""
                className="linkIcon"
                src="link.svg"
              />,
              <span>
                link1
              </span>,
            ],
            "className": "linkAttachment",
          },
          "ref": null,
          "rendered": Array [
            Object {
              "instance": null,
              "key": undefined,
              "nodeType": "host",
              "props": Object {
                "alt": "",
                "className": "linkIcon",
                "src": "link.svg",
              },
              "ref": null,
              "rendered": null,
              "type": "img",
            },
            Object {
              "instance": null,
              "key": undefined,
              "nodeType": "host",
              "props": Object {
                "children": "link1",
              },
              "ref": null,
              "rendered": "link1",
              "type": "span",
            },
          ],
          "type": "div",
        },
      ],
      "type": "div",
    },
  ],
  Symbol(enzyme.__options__): Object {
    "adapter": ReactSixteenAdapter {
      "options": Object {
        "enableComponentDidUpdateOnSetState": true,
        "legacyContextMode": "parent",
        "lifecycles": Object {
          "componentDidUpdate": Object {
            "onSetState": true,
          },
          "getChildContext": Object {
            "calledByRenderer": false,
          },
          "getDerivedStateFromError": true,
          "getDerivedStateFromProps": Object {
            "hasShouldComponentUpdateBug": false,
          },
          "getSnapshotBeforeUpdate": true,
          "setState": Object {
            "skipsComponentDidUpdateOnNullish": true,
          },
        },
      },
    },
  },
}
`;
